// Jest Snapshot v1, https://goo.gl/fbAQLP

exports[`<BulletLoader /> should match snapshot 1`] = `
<styled.div
  kind="default-loading"
  size="small"
>
  <div />
  <div />
  <div />
</styled.div>
`;
